// Jest Snapshot v1, https://goo.gl/fbAQLP

exports[`<FormProfile /> should render the profile form 1`] = `
.c4 {
  display: -webkit-inline-box;
  display: -webkit-inline-flex;
  display: -ms-inline-flexbox;
  display: inline-flex;
  -webkit-align-items: center;
  -webkit-box-align: center;
  -ms-flex-align: center;
  align-items: center;
  -webkit-box-pack: center;
  -webkit-justify-content: center;
  -ms-flex-pack: center;
  justify-content: center;
  background: linear-gradient(180deg,#ff5f5f 0%,#f062c0 50%);
  color: #FAFAFA;
  border: none;
  cursor: pointer;
  border-radius: 0.4rem;
  padding: 0.8rem;
  -webkit-text-decoration: none;
  text-decoration: none;
  height: 5rem;
  font-size: 1.6rem;
  padding: 0.8rem 4.8rem;
}

.c4:hover {
  background: linear-gradient(180deg,#e35565 0%,#d958a6 50%);
}

.c0 {
  color: #030517;
  position: relative;
  margin-bottom: 3.2rem;
  font-size: 1.6rem;
}

.c0::after {
  position: absolute;
  left: 0;
  bottom: -1rem;
  content: '';
  width: 5rem;
  border-bottom: 0.5rem solid #F231A5;
}

.c0::after {
  width: 3rem;
}

.c2 {
  display: -webkit-box;
  display: -webkit-flex;
  display: -ms-flexbox;
  display: flex;
  background: #EAEAEA;
  border-radius: 0.2rem;
  padding: 0 1.6rem;
  border: 0.2rem solid;
  border-color: #EAEAEA;
}

.c2:focus-within {
  box-shadow: 0 0 0.5rem #F231A5;
}

.c3 {
  color: #030517;
  font-family: Poppins,-apple-system,BlinkMacSystemFont,'Segoe UI',Roboto,Oxygen,Ubuntu,Cantarell,'Open Sans','Helvetica Neue',sans-serif;
  font-size: 1.6rem;
  padding: 0.8rem 0;
  padding-left: 1.6rem;
  background: transparent;
  border: 0;
  outline: none;
  width: 100%;
}

.c1 {
  font-size: 1.4rem;
  color: #030517;
  cursor: pointer;
}

<main
  class=""
>
  <h2
    class="c0"
    color="black"
  >
    My profile
  </h2>
  <form
    class=""
  >
    <div
      class=""
    >
      <label
        class="c1"
        for="name"
      >
        Name
      </label>
      <div
        class="c2"
      >
        <input
          class="c3"
          id="name"
          name="name"
          placeholder="Name"
          type="text"
          value=""
        />
      </div>
    </div>
    <div
      class=""
      disabled=""
    >
      <label
        class="c1"
        for="email"
      >
        Email
      </label>
      <div
        class="c2"
      >
        <input
          class="c3"
          disabled=""
          id="email"
          name="email"
          placeholder="Email"
          type="email"
          value="email@email.com"
        />
      </div>
    </div>
    <div
      class=""
    >
      <label
        class="c1"
        for="password"
      >
        Password
      </label>
      <div
        class="c2"
      >
        <input
          class="c3"
          id="password"
          name="password"
          placeholder="Type your password"
          type="password"
          value=""
        />
      </div>
    </div>
    <div
      class=""
    >
      <label
        class="c1"
        for="new_password"
      >
        New password
      </label>
      <div
        class="c2"
      >
        <input
          class="c3"
          id="new_password"
          name="new_password"
          placeholder="New password"
          type="password"
          value=""
        />
      </div>
    </div>
    <button
      class="c4"
    >
      <span>
        Save
      </span>
    </button>
  </form>
</main>
`
